// Jest Snapshot v1, https://goo.gl/fbAQLP

exports[`renders ContactForm without crashing an 1`] = `
<DocumentFragment>
  <div
    class="App"
  >
    <form>
      <div>
        <label
          for="firstName"
        >
          First Name*
        </label>
        <input
          id="firstName"
          name="firstName"
          placeholder="bill"
        />
      </div>
      <div>
        <label
          for="lastName"
        >
          Last Name*
        </label>
        <input
          id="lastName"
          name="lastName"
          placeholder="luo"
        />
      </div>
      <div>
        <label
          for="email"
        >
          Email*
        </label>
        <input
          id="email"
          name="email"
          placeholder="bluebill1049@hotmail.com"
        />
      </div>
      <div>
        <label
          for="message"
        >
          Message
        </label>
        <textarea
          id="message"
          name="message"
        />
      </div>
      <input
        data-testid="thisIsmySubmitBtnTestId"
        type="submit"
      />
    </form>
  </div>
</DocumentFragment>
`;
